<html>
<body>
<pre>
<h1>µVision Build Log</h1>
<h2>Tool Versions:</h2>
IDE-Version: µVision V5.31.0.0
Copyright (C) 2020 ARM Ltd and ARM Germany GmbH. All rights reserved.
License Information: William Gusmao, Gusmaos, LIC=JDA0P-M4MN5-RFQIZ-JU1N5-EABN1-IADPK
 
Tool Versions:
Toolchain:       MDK-ARM Professional  Version: 5.31.0.0
Toolchain Path:  D:\Keil_v5\ARM\ARMCC\Bin
C Compiler:      Armcc.exe V5.06 update 6 (build 750)
Assembler:       Armasm.exe V5.06 update 6 (build 750)
Linker/Locator:  ArmLink.exe V5.06 update 6 (build 750)
Library Manager: ArmAr.exe V5.06 update 6 (build 750)
Hex Converter:   FromElf.exe V5.06 update 6 (build 750)
CPU DLL:         SARMCM3.DLL V5.31.0.0
Dialog DLL:      DCM.DLL V1.17.3.0
Target DLL:      STLink\ST-LINKIII-KEIL_SWO.dll V3.0.7.0
Dialog DLL:      TCM.DLL V1.46.0.0
 
<h2>Project:</h2>
D:\Users\willi\Documents\Git\LearningFreeRTOS\BluePill_RTOS\MDK-ARM\BluePill_RTOS.uvprojx
Project File Date:  02/17/2022

<h2>Output:</h2>
*** Using Compiler 'V5.06 update 6 (build 750)', folder: 'D:\Keil_v5\ARM\ARMCC\Bin'
Build target 'BluePill_RTOS'
compiling main.c...
../Core/Src/main.c(241): warning:  #188-D: enumerated type mixed with another type
      HAL_GPIO_WritePin(LED_GPIO_Port, LED_Pin, rtY.Out_Ld);
../Core/Src/main.c(207): warning:  #177-D: variable "sresource"  was declared but never referenced
    char sresource[3];
../Core/Src/main.c(249): warning:  #177-D: variable "sresource"  was declared but never referenced
    char sresource[3];
../Core/Src/main.c(275): warning:  #177-D: variable "sresource"  was declared but never referenced
    char sresource[3];
../Core/Src/main.c(301): warning:  #177-D: variable "sresource"  was declared but never referenced
      char sresource[3];
../Core/Src/main.c: 5 warnings, 0 errors
linking...
Program Size: Code=17092 RO-data=332 RW-data=524 ZI-data=10596  
FromELF: creating hex file...
"BluePill_RTOS\BluePill_RTOS.axf" - 0 Error(s), 5 Warning(s).

<h2>Software Packages used:</h2>

Package Vendor: ARM
                http://www.keil.com/pack/ARM.CMSIS.5.7.0.pack
                ARM.CMSIS.5.7.0
                CMSIS (Cortex Microcontroller Software Interface Standard)
   * Component: CORE Version: 5.4.0

Package Vendor: Keil
                http://www.keil.com/pack/Keil.STM32F1xx_DFP.2.3.0.pack
                Keil.STM32F1xx_DFP.2.3.0
                STMicroelectronics STM32F1 Series Device Support, Drivers and Examples

<h2>Collection of Component include folders:</h2>
  .\RTE\_BluePill_RTOS
  D:\Users\willi\AppData\Local\Arm\Packs\ARM\CMSIS\5.7.0\CMSIS\Core\Include
  D:\Users\willi\AppData\Local\Arm\Packs\Keil\STM32F1xx_DFP\2.3.0\Device\Include

<h2>Collection of Component Files used:</h2>

   * Component: ARM::CMSIS:CORE:5.4.0
      Include file:  CMSIS\Core\Include\tz_context.h
Build Time Elapsed:  00:00:03
</pre>
</body>
</html>
