<html>
<body>
<pre>
<h1>µVision Build Log</h1>
<h2>Tool Versions:</h2>
IDE-Version: µVision V5.31.0.0
Copyright (C) 2020 ARM Ltd and ARM Germany GmbH. All rights reserved.
License Information: William Gusmao, Gusmaos, LIC=JDA0P-M4MN5-RFQIZ-JU1N5-EABN1-IADPK
 
Tool Versions:
Toolchain:       MDK-ARM Professional  Version: 5.31.0.0
Toolchain Path:  D:\Keil_v5\ARM\ARMCC\Bin
C Compiler:      Armcc.exe V5.06 update 6 (build 750)
Assembler:       Armasm.exe V5.06 update 6 (build 750)
Linker/Locator:  ArmLink.exe V5.06 update 6 (build 750)
Library Manager: ArmAr.exe V5.06 update 6 (build 750)
Hex Converter:   FromElf.exe V5.06 update 6 (build 750)
CPU DLL:         SARMCM3.DLL V5.31.0.0
Dialog DLL:      DCM.DLL V1.17.3.0
Target DLL:      STLink\ST-LINKIII-KEIL_SWO.dll V3.0.7.0
Dialog DLL:      TCM.DLL V1.46.0.0
 
<h2>Project:</h2>
D:\Users\willi\Documents\Git\LearningFreeRTOS\BluePill_RTOS\MDK-ARM\BluePill_RTOS.uvprojx
Project File Date:  12/08/2021

<h2>Output:</h2>
*** Using Compiler 'V5.06 update 6 (build 750)', folder: 'D:\Keil_v5\ARM\ARMCC\Bin'
Build target 'BluePill_RTOS'
assembling startup_stm32f103xb.s...
compiling gpio.c...
compiling main.c...
compiling freertos.c...
../Core/Src/freertos.c(63): warning:  #223-D: function "CDC_Transmit_FS" declared implicitly
  	CDC_Transmit_FS("Hello World!", sizeof("Hello World!"));
../Core/Src/freertos.c(67): warning:  #223-D: function "CDC_Transmit_FS" declared implicitly
  	CDC_Transmit_FS("Hello Another World!\n", sizeof("Hello Another World!\n"));
../Core/Src/freertos.c(71): warning:  #223-D: function "CDC_Transmit_FS" declared implicitly
  	CDC_Transmit_FS("Hello third World!\n", sizeof("Hello third World!\n"));
../Core/Src/freertos.c(169): warning:  #223-D: function "USB_SendMessage" declared implicitly
  		USB_SendMessage(temp_buffer, sizeof(temp_buffer), 10);
../Core/Src/freertos.c(195): warning:  #223-D: function "USB_SendMessage" declared implicitly
  		USB_SendMessage(temp_buffer, sizeof(temp_buffer), 10);
../Core/Src/freertos.c(226): warning:  #223-D: function "USB_SendMessage" declared implicitly
  		USB_SendMessage(temp_buffer, sizeof(temp_buffer), 10);
../Core/Src/freertos.c: 6 warnings, 0 errors
compiling stm32f1xx_it.c...
compiling stm32f1xx_hal_msp.c...
compiling stm32f1xx_hal_timebase_tim.c...
compiling stm32f1xx_hal_gpio_ex.c...
compiling stm32f1xx_hal_pcd_ex.c...
compiling stm32f1xx_hal_pcd.c...
compiling stm32f1xx_hal.c...
compiling stm32f1xx_ll_usb.c...
compiling stm32f1xx_hal_rcc.c...
compiling stm32f1xx_hal_rcc_ex.c...
compiling stm32f1xx_hal_gpio.c...
compiling stm32f1xx_hal_dma.c...
compiling stm32f1xx_hal_cortex.c...
compiling stm32f1xx_hal_flash.c...
compiling stm32f1xx_hal_pwr.c...
compiling stm32f1xx_hal_flash_ex.c...
compiling stm32f1xx_hal_exti.c...
compiling stm32f1xx_hal_tim.c...
compiling stm32f1xx_hal_tim_ex.c...
compiling croutine.c...
compiling event_groups.c...
compiling list.c...
compiling queue.c...
compiling system_stm32f1xx.c...
compiling stream_buffer.c...
compiling timers.c...
compiling tasks.c...
compiling heap_4.c...
compiling cmsis_os.c...
compiling port.c...
compiling usb_device.c...
compiling usbd_cdc_if.c...
compiling usbd_desc.c...
compiling usbd_conf.c...
compiling usbd_core.c...
compiling usbd_ctlreq.c...
compiling usbd_ioreq.c...
compiling usbd_cdc.c...
linking...
Program Size: Code=19640 RO-data=444 RW-data=504 ZI-data=10592  
FromELF: creating hex file...
"BluePill_RTOS\BluePill_RTOS.axf" - 0 Error(s), 6 Warning(s).

<h2>Software Packages used:</h2>

Package Vendor: ARM
                http://www.keil.com/pack/ARM.CMSIS.5.7.0.pack
                ARM.CMSIS.5.7.0
                CMSIS (Cortex Microcontroller Software Interface Standard)
   * Component: CORE Version: 5.4.0

Package Vendor: Keil
                http://www.keil.com/pack/Keil.STM32F1xx_DFP.2.3.0.pack
                Keil.STM32F1xx_DFP.2.3.0
                STMicroelectronics STM32F1 Series Device Support, Drivers and Examples

<h2>Collection of Component include folders:</h2>
  .\RTE\_BluePill_RTOS
  D:\Users\willi\AppData\Local\Arm\Packs\ARM\CMSIS\5.7.0\CMSIS\Core\Include
  D:\Users\willi\AppData\Local\Arm\Packs\Keil\STM32F1xx_DFP\2.3.0\Device\Include

<h2>Collection of Component Files used:</h2>

   * Component: ARM::CMSIS:CORE:5.4.0
      Include file:  CMSIS\Core\Include\tz_context.h
Build Time Elapsed:  00:00:40
</pre>
</body>
</html>
